../Core/Src/canard.c:67:6:canardInit	32	static
../Core/Src/canard.c:104:7:canardGetUserReference	16	static
../Core/Src/canard.c:110:6:canardSetLocalNodeID	16	static
../Core/Src/canard.c:126:9:canardGetLocalNodeID	16	static
../Core/Src/canard.c:131:6:canardForgetLocalNodeID	16	static
../Core/Src/canard.c:135:6:canardInitTxTransfer	16	static
../Core/Src/canard.c:142:9:canardBroadcast	64	static
../Core/Src/canard.c:182:9:canardBroadcastObj	40	static
../Core/Src/canard.c:236:36:canardBufferFromIdx	16	static
../Core/Src/canard.c:249:37:canardBufferToIdx	16	static
../Core/Src/canard.c:262:32:canardRxFromIdx	16	static
../Core/Src/canard.c:275:37:canardRxToIdx	16	static
../Core/Src/canard.c:288:26:calculateCRC	24	static
../Core/Src/canard.c:314:9:canardRequestOrRespond	64	static
../Core/Src/canard.c:355:9:canardRequestOrRespondObj	40	static
../Core/Src/canard.c:387:17:canardPeekTxQueue	16	static
../Core/Src/canard.c:396:6:canardPopTxQueue	24	static
../Core/Src/canard.c:403:9:canardHandleRxFrame	152	static
../Core/Src/canard.c:663:6:canardCleanupStaleTransfers	40	static
../Core/Src/canard.c:730:9:canardDecodeScalar	88	static
../Core/Src/canard.c:905:6:canardEncodeScalar	48	static
../Core/Src/canard.c:997:6:canardReleaseRxTransferPayload	24	static
../Core/Src/canard.c:1012:31:canardGetPoolAllocatorStatistics	16	static
../Core/Src/canard.c:1017:10:canardConvertNativeFloatToFloat16	48	static
../Core/Src/canard.c:1061:7:canardConvertFloat16ToNativeFloat	32	static
../Core/Src/canard.c:1089:25:computeTransferIDForwardDistance	24	static
../Core/Src/canard.c:1099:22:incrementTransferID	16	static
../Core/Src/canard.c:1110:26:dlcToDataLength	16	static
../Core/Src/canard.c:1133:26:dataLengthToDlc	16	static
../Core/Src/canard.c:1152:25:enqueueTxFrames	48	static
../Core/Src/canard.c:1267:22:pushTxQueue	24	static
../Core/Src/canard.c:1316:36:createTxItem	24	static
../Core/Src/canard.c:1330:22:isPriorityHigher	40	static
../Core/Src/canard.c:1373:22:prepareForNextTransfer	16	static
../Core/Src/canard.c:1384:10:extractDataType	24	static
../Core/Src/canard.c:1404:20:extractTransferType	24	static
../Core/Src/canard.c:1429:32:traverseRxStates	24	static
../Core/Src/canard.c:1460:32:findRxState	24	static
../Core/Src/canard.c:1477:32:prependRxState	24	static
../Core/Src/canard.c:1491:32:createRxState	56	static
../Core/Src/canard.c:1509:26:releaseStatePayload	24	static
../Core/Src/canard.c:1529:25:bufferBlockPushBytes	48	static
../Core/Src/canard.c:1625:36:createBufferBlock	24	static
../Core/Src/canard.c:1639:6:copyBitArray	40	static
../Core/Src/canard.c:1683:25:descatterTransferPayload	72	static
../Core/Src/canard.c:1786:22:isBigEndian	16	static
../Core/Src/canard.c:1809:22:swapByteOrder	32	static
../Core/Src/canard.c:1831:26:crcAddByte	24	static
../Core/Src/canard.c:1848:26:crcAddSignature	48	static
../Core/Src/canard.c:1857:26:crcAdd	24	static
../Core/Src/canard.c:1869:22:initPoolAllocator	40	static
../Core/Src/canard.c:1893:23:allocateBlock	24	static
../Core/Src/canard.c:1923:22:freeBlock	24	static
