../Drivers/CMSIS/Include/core_cm4.h:2059:26:ITM_SendChar	16	static,ignoring_inline_asm
../Core/Src/main.c:88:5:clock_gettime	32	static
../Core/Src/main.c:100:6:setServoPWM	24	static
../Core/Src/main.c:126:6:startAllPWM	8	static
../Core/Src/main.c:136:6:HAL_CAN_RxFifo0MsgPendingCallback	16	static
../Core/Src/main.c:145:6:handle_NodeStatus	32	static
../Core/Src/main.c:198:6:handle_NotifyState	296	static
../Core/Src/main.c:223:19:check_actuator_id	24	static
../Core/Src/main.c:236:13:handle_ArrayCommand	192	static
../Core/Src/main.c:273:6:handle_GetNodeInfo	824	static
../Core/Src/main.c:319:6:send_NodeStatus	416	static
../Core/Src/main.c:348:6:shouldAcceptTransfer	24	static
../Core/Src/main.c:389:6:onTransferReceived	16	static
../Core/Src/main.c:433:6:user1HzTasks	16	static
../Core/Src/main.c:444:13:send_ServoStatus	72	static
../Core/Src/main.c:483:5:main	96	static
../Core/Src/main.c:574:6:SystemClock_Config	96	static
../Core/Src/main.c:619:5:__io_putchar	16	static
../Core/Src/main.c:629:6:Error_Handler	4	static,ignoring_inline_asm
