../Drivers/CMSIS/Include/core_cm4.h:2059:26:ITM_SendChar	16	static,ignoring_inline_asm
../Core/Src/main.c:101:5:clock_gettime	32	static
../Core/Src/main.c:115:6:getUniqueID	32	static
../Core/Src/main.c:126:6:setServoPWM	24	static
../Core/Src/main.c:152:6:startAllPWM	8	static
../Core/Src/main.c:162:6:HAL_CAN_RxFifo0MsgPendingCallback	40	static
../Core/Src/main.c:191:6:processCanardRxQueue	64	static
../Core/Src/main.c:205:6:handle_NodeStatus	32	static
../Core/Src/main.c:258:6:handle_NotifyState	296	static
../Core/Src/main.c:283:19:check_actuator_id	24	static
../Core/Src/main.c:296:13:handle_ArrayCommand	192	static
../Core/Src/main.c:333:6:handle_GetNodeInfo	824	static
../Core/Src/main.c:374:10:rand_prng	4	static
../Core/Src/main.c:388:13:handle_DNA_Allocation	64	static
../Core/Src/main.c:438:13:request_DNA	72	static
../Core/Src/main.c:492:6:send_NodeStatus	416	static
../Core/Src/main.c:521:6:shouldAcceptTransfer	24	static
../Core/Src/main.c:562:6:onTransferReceived	16	static
../Core/Src/main.c:607:6:processCanardTxQueue	24	static
../Core/Src/main.c:627:6:process1HzTasks	16	static
../Core/Src/main.c:642:13:send_ServoStatus	72	static
../Core/Src/main.c:683:5:main	80	static
../Core/Src/main.c:786:6:SystemClock_Config	96	static
../Core/Src/main.c:831:5:__io_putchar	16	static
../Core/Src/main.c:841:6:Error_Handler	4	static,ignoring_inline_asm
