../Drivers/CMSIS/Include/core_cm4.h:2059:26:uint32_t ITM_SendChar(uint32_t)	16	static,ignoring_inline_asm
../Core/Src/main.cpp:95:5:int clock_gettime(clockid_t, timespec*)	32	static
../Core/Src/main.cpp:109:6:void getUniqueID(uint8_t*)	32	static
../Core/Src/main.cpp:120:6:void setServoPWM(uint8_t)	24	static
../Core/Src/main.cpp:146:6:void startAllPWM()	8	static
../Core/Src/main.cpp:156:6:void HAL_CAN_RxFifo0MsgPendingCallback(CAN_HandleTypeDef*)	40	static
../Core/Src/main.cpp:188:6:void processCanardRxQueue()	64	static
../Core/Src/main.cpp:202:6:void handle_NodeStatus(CanardInstance*, CanardRxTransfer*)	32	static
../Core/Src/main.cpp:255:6:void handle_NotifyState(CanardInstance*, CanardRxTransfer*)	296	static
../Core/Src/main.cpp:280:19:int check_actuator_id(uint8_t)	24	static
../Core/Src/main.cpp:293:13:void handle_ArrayCommand(CanardInstance*, CanardRxTransfer*)	192	static
../Core/Src/main.cpp:330:6:void handle_GetNodeInfo(CanardInstance*, CanardRxTransfer*)	824	static
../Core/Src/main.cpp:376:6:void send_NodeStatus()	416	static
../Core/Src/main.cpp:405:6:bool shouldAcceptTransfer(const CanardInstance*, uint64_t*, uint16_t, CanardTransferType, uint8_t)	24	static
../Core/Src/main.cpp:446:6:void onTransferReceived(CanardInstance*, CanardRxTransfer*)	16	static
../Core/Src/main.cpp:487:6:void processCanardTxQueue(CAN_HandleTypeDef*)	24	static
../Core/Src/main.cpp:510:6:void process1HzTasks(uint64_t)	16	static
../Core/Src/main.cpp:525:13:void send_ServoStatus()	72	static
../Core/Src/main.cpp:560:6:void HAL_TIM_PWM_PulseFinishedHalfCpltCallback(TIM_HandleTypeDef*)	16	static
../Core/Src/main.cpp:567:6:void HAL_TIM_PWM_PulseFinishedCallback(TIM_HandleTypeDef*)	16	static
../Core/Src/main.cpp:582:5:int main()	96	static
../Core/Src/main.cpp:696:6:void SystemClock_Config()	96	static
../Core/Src/main.cpp:741:5:int __io_putchar(int)	16	static
../Core/Src/main.cpp:751:6:void Error_Handler()	4	static,ignoring_inline_asm
../Core/Src/main.cpp:760:1:void __static_initialization_and_destruction_0(int, int)	24	static
../Core/Src/main.cpp:760:1:cpp)	8	static
