../Drivers/CMSIS/Include/core_cm33.h:2845:26:ITM_SendChar	16	static,ignoring_inline_asm
../Drivers/STM32L5xx_HAL_Driver/Inc/stm32l5xx_ll_bus.h:433:22:LL_AHB2_GRP1_EnableClock	24	static
../Drivers/STM32L5xx_HAL_Driver/Inc/stm32l5xx_ll_bus.h:914:22:LL_APB1_GRP2_EnableClock	24	static
../Core/Src/main.c:100:5:clock_gettime	32	static
../Core/Src/main.c:113:6:getUniqueID	32	static
../Core/Src/main.c:124:6:setServoPWM	24	static
../Core/Src/main.c:148:6:startAllPWM	8	static
../Core/Src/main.c:155:6:HAL_FDCAN_RxFifo0Callback	72	static
../Core/Src/main.c:176:6:handle_NodeStatus	32	static
../Core/Src/main.c:229:6:handle_NotifyState	296	static
../Core/Src/main.c:254:19:check_actuator_id	24	static
../Core/Src/main.c:267:13:handle_ArrayCommand	192	static
../Core/Src/main.c:304:6:handle_GetNodeInfo	824	static
../Core/Src/main.c:350:6:send_NodeStatus	416	static
../Core/Src/main.c:379:6:shouldAcceptTransfer	24	static
../Core/Src/main.c:420:6:onTransferReceived	16	static
../Core/Src/main.c:461:6:processCanardTxQueue	24	static
../Core/Src/main.c:481:6:process1HzTasks	16	static
../Core/Src/main.c:496:13:send_ServoStatus	72	static
../Core/Src/main.c:535:5:main	80	static
../Core/Src/main.c:625:6:SystemClock_Config	104	static
../Core/Src/main.c:686:13:MX_ADC1_Init	48	static
../Core/Src/main.c:753:13:MX_FDCAN1_Init	32	static
../Core/Src/main.c:814:13:MX_ICACHE_Init	8	static
../Core/Src/main.c:846:13:MX_LPUART1_UART_Init	8	static
../Core/Src/main.c:894:13:MX_RTC_Init	32	static
../Core/Src/main.c:941:13:MX_TIM1_Init	120	static
../Core/Src/main.c:1027:13:MX_TIM2_Init	64	static
../Core/Src/main.c:1090:13:MX_UCPD1_Init	32	static
../Core/Src/main.c:1132:13:MX_USB_PCD_Init	8	static
../Core/Src/main.c:1165:13:MX_GPIO_Init	56	static
../Core/Src/main.c:1221:5:__io_putchar	16	static
../Core/Src/main.c:1231:6:Error_Handler	4	static,ignoring_inline_asm
