../Drivers/CMSIS/Include/core_cm4.h:2059:26:ITM_SendChar	16	static,ignoring_inline_asm
../Core/Src/main.c:88:5:clock_gettime	32	static
../Core/Src/main.c:102:6:getUniqueID	32	static
../Core/Src/main.c:113:6:setServoPWM	24	static
../Core/Src/main.c:139:6:startAllPWM	8	static
../Core/Src/main.c:149:6:HAL_CAN_RxFifo0MsgPendingCallback	40	static
../Core/Src/main.c:178:6:processCanardRxQueue	64	static
../Core/Src/main.c:192:6:handle_NodeStatus	32	static
../Core/Src/main.c:245:6:handle_NotifyState	296	static
../Core/Src/main.c:270:19:check_actuator_id	24	static
../Core/Src/main.c:283:13:handle_ArrayCommand	192	static
../Core/Src/main.c:320:6:handle_GetNodeInfo	824	static
../Core/Src/main.c:366:6:send_NodeStatus	416	static
../Core/Src/main.c:395:6:shouldAcceptTransfer	24	static
../Core/Src/main.c:436:6:onTransferReceived	16	static
../Core/Src/main.c:477:6:processCanardTxQueue	24	static
../Core/Src/main.c:497:6:process1HzTasks	16	static
../Core/Src/main.c:512:13:send_ServoStatus	72	static
../Core/Src/main.c:551:5:main	80	static
../Core/Src/main.c:642:6:SystemClock_Config	96	static
../Core/Src/main.c:687:5:__io_putchar	16	static
../Core/Src/main.c:697:6:Error_Handler	4	static,ignoring_inline_asm
