../Drivers/CMSIS/Include/core_cm33.h:2845:26:ITM_SendChar	16	static,ignoring_inline_asm
../Drivers/STM32L5xx_HAL_Driver/Inc/stm32l5xx_ll_bus.h:433:22:LL_AHB2_GRP1_EnableClock	24	static
../Drivers/STM32L5xx_HAL_Driver/Inc/stm32l5xx_ll_bus.h:914:22:LL_APB1_GRP2_EnableClock	24	static
../Core/Src/main.c:100:5:clock_gettime	32	static
../Core/Src/main.c:113:6:getUniqueID	32	static
../Core/Src/main.c:124:6:setServoPWM	24	static
../Core/Src/main.c:148:6:HAL_FDCAN_RxFifo0Callback	72	static
../Core/Src/main.c:169:6:handle_NodeStatus	32	static
../Core/Src/main.c:222:6:handle_NotifyState	296	static
../Core/Src/main.c:248:13:handle_ArrayCommand	184	static
../Core/Src/main.c:282:6:handle_GetNodeInfo	824	static
../Core/Src/main.c:328:6:send_NodeStatus	416	static
../Core/Src/main.c:357:6:shouldAcceptTransfer	24	static
../Core/Src/main.c:398:6:onTransferReceived	16	static
../Core/Src/main.c:439:6:processCanardTxQueue	24	static
../Core/Src/main.c:459:6:process1HzTasks	16	static
../Core/Src/main.c:474:13:send_ServoStatus	72	static
../Core/Src/main.c:512:5:main	80	static
../Core/Src/main.c:599:6:SystemClock_Config	104	static
../Core/Src/main.c:660:13:MX_ADC1_Init	48	static
../Core/Src/main.c:727:13:MX_FDCAN1_Init	32	static
../Core/Src/main.c:788:13:MX_ICACHE_Init	8	static
../Core/Src/main.c:820:13:MX_LPUART1_UART_Init	8	static
../Core/Src/main.c:868:13:MX_RTC_Init	32	static
../Core/Src/main.c:915:13:MX_TIM1_Init	120	static
../Core/Src/main.c:1001:13:MX_TIM2_Init	64	static
../Core/Src/main.c:1064:13:MX_UCPD1_Init	32	static
../Core/Src/main.c:1106:13:MX_USB_PCD_Init	8	static
../Core/Src/main.c:1139:13:MX_GPIO_Init	56	static
../Core/Src/main.c:1195:5:__io_putchar	16	static
../Core/Src/main.c:1205:6:Error_Handler	4	static,ignoring_inline_asm
