../Drivers/CMSIS/Include/core_cm4.h:2059:26:ITM_SendChar	16	static,ignoring_inline_asm
../Core/Src/main.c:87:5:clock_gettime	32	static
../Core/Src/main.c:101:6:getUniqueID	32	static
../Core/Src/main.c:112:6:setServoPWM	24	static
../Core/Src/main.c:138:6:startAllPWM	8	static
../Core/Src/main.c:148:6:HAL_CAN_RxFifo0MsgPendingCallback	72	static
../Core/Src/main.c:168:6:handle_NodeStatus	32	static
../Core/Src/main.c:221:6:handle_NotifyState	296	static
../Core/Src/main.c:246:19:check_actuator_id	24	static
../Core/Src/main.c:259:13:handle_ArrayCommand	192	static
../Core/Src/main.c:296:6:handle_GetNodeInfo	824	static
../Core/Src/main.c:342:6:send_NodeStatus	416	static
../Core/Src/main.c:371:6:shouldAcceptTransfer	24	static
../Core/Src/main.c:412:6:onTransferReceived	16	static
../Core/Src/main.c:453:6:processCanardTxQueue	24	static
../Core/Src/main.c:473:6:process1HzTasks	16	static
../Core/Src/main.c:488:13:send_ServoStatus	72	static
../Core/Src/main.c:527:5:main	80	static
../Core/Src/main.c:615:6:SystemClock_Config	96	static
../Core/Src/main.c:660:5:__io_putchar	16	static
../Core/Src/main.c:670:6:Error_Handler	4	static,ignoring_inline_asm
